{
    "-profile test": {
        "content": [
            {
                "CAT_FASTQ": {
                    "cat": 9.5
                },
                "EAUTILS_GTF2BED": {
                    "perl": "5.26.2"
                },
                "FASTP": {
                    "fastp": "1.3.6"
                },
                "FASTQC": {
                    "fastqc": "0.12.1"
                },
                "HISAT2_ALIGN": {
                    "hisat2": "2.2.3",
                    "samtools": 1.24
                },
                "HISAT2_BUILD": {
                    "hisat2": "2.2.3"
                },
                "HISAT2_EXTRACTSPLICESITES": {
                    "hisat2": "2.2.3",
                    "samtools": 1.24
                },
                "MERGE_COUNTS": {
                    "python": "3.14.5"
                },
                "MERGE_TPM": {
                    "python": "3.14.5"
                },
                "PICARD_MARKDUPLICATES": {
                    "picard": "3.5.0"
                },
                "RSEQC_INFEREXPERIMENT": {
                    "rseqc": "5.0.4"
                },
                "RSEQC_READDISTRIBUTION": {
                    "rseqc": "5.0.4"
                },
                "SAMTOOLS_SORT": {
                    "samtools": 1.24
                },
                "STRINGTIE_STRINGTIE": {
                    "stringtie": "3.0.3"
                },
                "SUBREAD_FEATURECOUNTS": {
                    "subread": "2.1.1"
                },
                "Workflow": {
                    "SaveTheWhaIes/cwbd-project": "v1.0.0"
                }
            },
            [
                "counts",
                "counts/gene_counts.tsv",
                "fastp",
                "fastp/RAP1_UNINDUCED_REP1.fastp.html",
                "fastp/RAP1_UNINDUCED_REP1.fastp.json",
                "fastp/RAP1_UNINDUCED_REP1.fastp.log",
                "fastp/RAP1_UNINDUCED_REP2.fastp.html",
                "fastp/RAP1_UNINDUCED_REP2.fastp.json",
                "fastp/RAP1_UNINDUCED_REP2.fastp.log",
                "fastp/WT_REP1.fastp.html",
                "fastp/WT_REP1.fastp.json",
                "fastp/WT_REP1.fastp.log",
                "fastp/WT_REP2.fastp.html",
                "fastp/WT_REP2.fastp.json",
                "fastp/WT_REP2.fastp.log",
                "fastqc",
                "fastqc/RAP1_UNINDUCED_REP1_fastqc.html",
                "fastqc/RAP1_UNINDUCED_REP1_fastqc.zip",
                "fastqc/RAP1_UNINDUCED_REP2_fastqc.html",
                "fastqc/RAP1_UNINDUCED_REP2_fastqc.zip",
                "fastqc/WT_REP1_1_fastqc.html",
                "fastqc/WT_REP1_1_fastqc.zip",
                "fastqc/WT_REP1_2_fastqc.html",
                "fastqc/WT_REP1_2_fastqc.zip",
                "fastqc/WT_REP2_1_fastqc.html",
                "fastqc/WT_REP2_1_fastqc.zip",
                "fastqc/WT_REP2_2_fastqc.html",
                "fastqc/WT_REP2_2_fastqc.zip",
                "featurecounts",
                "featurecounts/RAP1_UNINDUCED_REP1.featureCounts.tsv",
                "featurecounts/RAP1_UNINDUCED_REP1.featureCounts.tsv.summary",
                "featurecounts/RAP1_UNINDUCED_REP2.featureCounts.tsv",
                "featurecounts/RAP1_UNINDUCED_REP2.featureCounts.tsv.summary",
                "featurecounts/WT_REP1.featureCounts.tsv",
                "featurecounts/WT_REP1.featureCounts.tsv.summary",
                "featurecounts/WT_REP2.featureCounts.tsv",
                "featurecounts/WT_REP2.featureCounts.tsv.summary",
                "hisat2",
                "hisat2/log",
                "hisat2/log/RAP1_UNINDUCED_REP1.hisat2.summary.log",
                "hisat2/log/RAP1_UNINDUCED_REP2.hisat2.summary.log",
                "hisat2/log/WT_REP1.hisat2.summary.log",
                "hisat2/log/WT_REP2.hisat2.summary.log",
                "multiqc",
                "multiqc/multiqc_data",
                "multiqc/multiqc_data/fastp-insert-size-plot.txt",
                "multiqc/multiqc_data/fastp-seq-content-gc-plot_Read_1_After_filtering.txt",
                "multiqc/multiqc_data/fastp-seq-content-gc-plot_Read_1_Before_filtering.txt",
                "multiqc/multiqc_data/fastp-seq-content-gc-plot_Read_2_After_filtering.txt",
                "multiqc/multiqc_data/fastp-seq-content-gc-plot_Read_2_Before_filtering.txt",
                "multiqc/multiqc_data/fastp-seq-content-n-plot_Read_1_After_filtering.txt",
                "multiqc/multiqc_data/fastp-seq-content-n-plot_Read_1_Before_filtering.txt",
                "multiqc/multiqc_data/fastp-seq-content-n-plot_Read_2_After_filtering.txt",
                "multiqc/multiqc_data/fastp-seq-content-n-plot_Read_2_Before_filtering.txt",
                "multiqc/multiqc_data/fastp-seq-quality-plot_Read_1_After_filtering.txt",
                "multiqc/multiqc_data/fastp-seq-quality-plot_Read_1_Before_filtering.txt",
                "multiqc/multiqc_data/fastp-seq-quality-plot_Read_2_After_filtering.txt",
                "multiqc/multiqc_data/fastp-seq-quality-plot_Read_2_Before_filtering.txt",
                "multiqc/multiqc_data/fastp_filtered_reads_plot.txt",
                "multiqc/multiqc_data/fastqc-status-check-heatmap.txt",
                "multiqc/multiqc_data/fastqc_adapter_content_plot.txt",
                "multiqc/multiqc_data/fastqc_overrepresented_sequences_plot.txt",
                "multiqc/multiqc_data/fastqc_per_base_n_content_plot.txt",
                "multiqc/multiqc_data/fastqc_per_base_sequence_quality_plot.txt",
                "multiqc/multiqc_data/fastqc_per_sequence_gc_content_plot_Counts.txt",
                "multiqc/multiqc_data/fastqc_per_sequence_gc_content_plot_Percentages.txt",
                "multiqc/multiqc_data/fastqc_per_sequence_quality_scores_plot.txt",
                "multiqc/multiqc_data/fastqc_sequence_counts_plot.txt",
                "multiqc/multiqc_data/fastqc_sequence_duplication_levels_plot.txt",
                "multiqc/multiqc_data/fastqc_top_overrepresented_sequences_table.txt",
                "multiqc/multiqc_data/featureCounts_assignment_plot.txt",
                "multiqc/multiqc_data/hisat2_pe_plot.txt",
                "multiqc/multiqc_data/hisat2_se_plot.txt",
                "multiqc/multiqc_data/llms-full.txt",
                "multiqc/multiqc_data/multiqc.log",
                "multiqc/multiqc_data/multiqc.parquet",
                "multiqc/multiqc_data/multiqc_citations.txt",
                "multiqc/multiqc_data/multiqc_data.json",
                "multiqc/multiqc_data/multiqc_fastp.txt",
                "multiqc/multiqc_data/multiqc_fastqc.txt",
                "multiqc/multiqc_data/multiqc_featurecounts.txt",
                "multiqc/multiqc_data/multiqc_general_stats.txt",
                "multiqc/multiqc_data/multiqc_hisat2.txt",
                "multiqc/multiqc_data/multiqc_picard_dups.txt",
                "multiqc/multiqc_data/multiqc_rseqc_infer_experiment.txt",
                "multiqc/multiqc_data/multiqc_rseqc_read_distribution.txt",
                "multiqc/multiqc_data/multiqc_software_versions.txt",
                "multiqc/multiqc_data/multiqc_sources.txt",
                "multiqc/multiqc_data/picard_MarkIlluminaAdapters_histogram.txt",
                "multiqc/multiqc_data/picard_MeanQualityByCycle_histogram.txt",
                "multiqc/multiqc_data/picard_MeanQualityByCycle_histogram_1.txt",
                "multiqc/multiqc_data/picard_QualityScoreDistribution_histogram.txt",
                "multiqc/multiqc_data/picard_deduplication.txt",
                "multiqc/multiqc_data/rseqc_infer_experiment_plot.txt",
                "multiqc/multiqc_data/rseqc_read_distribution_plot.txt",
                "multiqc/multiqc_plots",
                "multiqc/multiqc_plots/pdf",
                "multiqc/multiqc_plots/pdf/fastp-insert-size-plot.pdf",
                "multiqc/multiqc_plots/pdf/fastp-seq-content-gc-plot_Read_1_After_filtering.pdf",
                "multiqc/multiqc_plots/pdf/fastp-seq-content-gc-plot_Read_1_Before_filtering.pdf",
                "multiqc/multiqc_plots/pdf/fastp-seq-content-gc-plot_Read_2_After_filtering.pdf",
                "multiqc/multiqc_plots/pdf/fastp-seq-content-gc-plot_Read_2_Before_filtering.pdf",
                "multiqc/multiqc_plots/pdf/fastp-seq-content-n-plot_Read_1_After_filtering.pdf",
                "multiqc/multiqc_plots/pdf/fastp-seq-content-n-plot_Read_1_Before_filtering.pdf",
                "multiqc/multiqc_plots/pdf/fastp-seq-content-n-plot_Read_2_After_filtering.pdf",
                "multiqc/multiqc_plots/pdf/fastp-seq-content-n-plot_Read_2_Before_filtering.pdf",
                "multiqc/multiqc_plots/pdf/fastp-seq-quality-plot_Read_1_After_filtering.pdf",
                "multiqc/multiqc_plots/pdf/fastp-seq-quality-plot_Read_1_Before_filtering.pdf",
                "multiqc/multiqc_plots/pdf/fastp-seq-quality-plot_Read_2_After_filtering.pdf",
                "multiqc/multiqc_plots/pdf/fastp-seq-quality-plot_Read_2_Before_filtering.pdf",
                "multiqc/multiqc_plots/pdf/fastp_filtered_reads_plot-cnt.pdf",
                "multiqc/multiqc_plots/pdf/fastp_filtered_reads_plot-pct.pdf",
                "multiqc/multiqc_plots/pdf/fastqc-status-check-heatmap.pdf",
                "multiqc/multiqc_plots/pdf/fastqc_adapter_content_plot.pdf",
                "multiqc/multiqc_plots/pdf/fastqc_overrepresented_sequences_plot.pdf",
                "multiqc/multiqc_plots/pdf/fastqc_per_base_n_content_plot.pdf",
                "multiqc/multiqc_plots/pdf/fastqc_per_base_sequence_quality_plot.pdf",
                "multiqc/multiqc_plots/pdf/fastqc_per_sequence_gc_content_plot_Counts.pdf",
                "multiqc/multiqc_plots/pdf/fastqc_per_sequence_gc_content_plot_Percentages.pdf",
                "multiqc/multiqc_plots/pdf/fastqc_per_sequence_quality_scores_plot.pdf",
                "multiqc/multiqc_plots/pdf/fastqc_sequence_counts_plot-cnt.pdf",
                "multiqc/multiqc_plots/pdf/fastqc_sequence_counts_plot-pct.pdf",
                "multiqc/multiqc_plots/pdf/fastqc_sequence_duplication_levels_plot.pdf",
                "multiqc/multiqc_plots/pdf/fastqc_top_overrepresented_sequences_table.pdf",
                "multiqc/multiqc_plots/pdf/featureCounts_assignment_plot-cnt.pdf",
                "multiqc/multiqc_plots/pdf/featureCounts_assignment_plot-pct.pdf",
                "multiqc/multiqc_plots/pdf/hisat2_pe_plot-cnt.pdf",
                "multiqc/multiqc_plots/pdf/hisat2_pe_plot-pct.pdf",
                "multiqc/multiqc_plots/pdf/hisat2_se_plot-cnt.pdf",
                "multiqc/multiqc_plots/pdf/hisat2_se_plot-pct.pdf",
                "multiqc/multiqc_plots/pdf/picard_deduplication-cnt.pdf",
                "multiqc/multiqc_plots/pdf/picard_deduplication-pct.pdf",
                "multiqc/multiqc_plots/pdf/rseqc_infer_experiment_plot.pdf",
                "multiqc/multiqc_plots/pdf/rseqc_read_distribution_plot-cnt.pdf",
                "multiqc/multiqc_plots/pdf/rseqc_read_distribution_plot-pct.pdf",
                "multiqc/multiqc_plots/png",
                "multiqc/multiqc_plots/png/fastp-insert-size-plot.png",
                "multiqc/multiqc_plots/png/fastp-seq-content-gc-plot_Read_1_After_filtering.png",
                "multiqc/multiqc_plots/png/fastp-seq-content-gc-plot_Read_1_Before_filtering.png",
                "multiqc/multiqc_plots/png/fastp-seq-content-gc-plot_Read_2_After_filtering.png",
                "multiqc/multiqc_plots/png/fastp-seq-content-gc-plot_Read_2_Before_filtering.png",
                "multiqc/multiqc_plots/png/fastp-seq-content-n-plot_Read_1_After_filtering.png",
                "multiqc/multiqc_plots/png/fastp-seq-content-n-plot_Read_1_Before_filtering.png",
                "multiqc/multiqc_plots/png/fastp-seq-content-n-plot_Read_2_After_filtering.png",
                "multiqc/multiqc_plots/png/fastp-seq-content-n-plot_Read_2_Before_filtering.png",
                "multiqc/multiqc_plots/png/fastp-seq-quality-plot_Read_1_After_filtering.png",
                "multiqc/multiqc_plots/png/fastp-seq-quality-plot_Read_1_Before_filtering.png",
                "multiqc/multiqc_plots/png/fastp-seq-quality-plot_Read_2_After_filtering.png",
                "multiqc/multiqc_plots/png/fastp-seq-quality-plot_Read_2_Before_filtering.png",
                "multiqc/multiqc_plots/png/fastp_filtered_reads_plot-cnt.png",
                "multiqc/multiqc_plots/png/fastp_filtered_reads_plot-pct.png",
                "multiqc/multiqc_plots/png/fastqc-status-check-heatmap.png",
                "multiqc/multiqc_plots/png/fastqc_adapter_content_plot.png",
                "multiqc/multiqc_plots/png/fastqc_overrepresented_sequences_plot.png",
                "multiqc/multiqc_plots/png/fastqc_per_base_n_content_plot.png",
                "multiqc/multiqc_plots/png/fastqc_per_base_sequence_quality_plot.png",
                "multiqc/multiqc_plots/png/fastqc_per_sequence_gc_content_plot_Counts.png",
                "multiqc/multiqc_plots/png/fastqc_per_sequence_gc_content_plot_Percentages.png",
                "multiqc/multiqc_plots/png/fastqc_per_sequence_quality_scores_plot.png",
                "multiqc/multiqc_plots/png/fastqc_sequence_counts_plot-cnt.png",
                "multiqc/multiqc_plots/png/fastqc_sequence_counts_plot-pct.png",
                "multiqc/multiqc_plots/png/fastqc_sequence_duplication_levels_plot.png",
                "multiqc/multiqc_plots/png/fastqc_top_overrepresented_sequences_table.png",
                "multiqc/multiqc_plots/png/featureCounts_assignment_plot-cnt.png",
                "multiqc/multiqc_plots/png/featureCounts_assignment_plot-pct.png",
                "multiqc/multiqc_plots/png/hisat2_pe_plot-cnt.png",
                "multiqc/multiqc_plots/png/hisat2_pe_plot-pct.png",
                "multiqc/multiqc_plots/png/hisat2_se_plot-cnt.png",
                "multiqc/multiqc_plots/png/hisat2_se_plot-pct.png",
                "multiqc/multiqc_plots/png/picard_deduplication-cnt.png",
                "multiqc/multiqc_plots/png/picard_deduplication-pct.png",
                "multiqc/multiqc_plots/png/rseqc_infer_experiment_plot.png",
                "multiqc/multiqc_plots/png/rseqc_read_distribution_plot-cnt.png",
                "multiqc/multiqc_plots/png/rseqc_read_distribution_plot-pct.png",
                "multiqc/multiqc_plots/svg",
                "multiqc/multiqc_plots/svg/fastp-insert-size-plot.svg",
                "multiqc/multiqc_plots/svg/fastp-seq-content-gc-plot_Read_1_After_filtering.svg",
                "multiqc/multiqc_plots/svg/fastp-seq-content-gc-plot_Read_1_Before_filtering.svg",
                "multiqc/multiqc_plots/svg/fastp-seq-content-gc-plot_Read_2_After_filtering.svg",
                "multiqc/multiqc_plots/svg/fastp-seq-content-gc-plot_Read_2_Before_filtering.svg",
                "multiqc/multiqc_plots/svg/fastp-seq-content-n-plot_Read_1_After_filtering.svg",
                "multiqc/multiqc_plots/svg/fastp-seq-content-n-plot_Read_1_Before_filtering.svg",
                "multiqc/multiqc_plots/svg/fastp-seq-content-n-plot_Read_2_After_filtering.svg",
                "multiqc/multiqc_plots/svg/fastp-seq-content-n-plot_Read_2_Before_filtering.svg",
                "multiqc/multiqc_plots/svg/fastp-seq-quality-plot_Read_1_After_filtering.svg",
                "multiqc/multiqc_plots/svg/fastp-seq-quality-plot_Read_1_Before_filtering.svg",
                "multiqc/multiqc_plots/svg/fastp-seq-quality-plot_Read_2_After_filtering.svg",
                "multiqc/multiqc_plots/svg/fastp-seq-quality-plot_Read_2_Before_filtering.svg",
                "multiqc/multiqc_plots/svg/fastp_filtered_reads_plot-cnt.svg",
                "multiqc/multiqc_plots/svg/fastp_filtered_reads_plot-pct.svg",
                "multiqc/multiqc_plots/svg/fastqc-status-check-heatmap.svg",
                "multiqc/multiqc_plots/svg/fastqc_adapter_content_plot.svg",
                "multiqc/multiqc_plots/svg/fastqc_overrepresented_sequences_plot.svg",
                "multiqc/multiqc_plots/svg/fastqc_per_base_n_content_plot.svg",
                "multiqc/multiqc_plots/svg/fastqc_per_base_sequence_quality_plot.svg",
                "multiqc/multiqc_plots/svg/fastqc_per_sequence_gc_content_plot_Counts.svg",
                "multiqc/multiqc_plots/svg/fastqc_per_sequence_gc_content_plot_Percentages.svg",
                "multiqc/multiqc_plots/svg/fastqc_per_sequence_quality_scores_plot.svg",
                "multiqc/multiqc_plots/svg/fastqc_sequence_counts_plot-cnt.svg",
                "multiqc/multiqc_plots/svg/fastqc_sequence_counts_plot-pct.svg",
                "multiqc/multiqc_plots/svg/fastqc_sequence_duplication_levels_plot.svg",
                "multiqc/multiqc_plots/svg/fastqc_top_overrepresented_sequences_table.svg",
                "multiqc/multiqc_plots/svg/featureCounts_assignment_plot-cnt.svg",
                "multiqc/multiqc_plots/svg/featureCounts_assignment_plot-pct.svg",
                "multiqc/multiqc_plots/svg/hisat2_pe_plot-cnt.svg",
                "multiqc/multiqc_plots/svg/hisat2_pe_plot-pct.svg",
                "multiqc/multiqc_plots/svg/hisat2_se_plot-cnt.svg",
                "multiqc/multiqc_plots/svg/hisat2_se_plot-pct.svg",
                "multiqc/multiqc_plots/svg/picard_deduplication-cnt.svg",
                "multiqc/multiqc_plots/svg/picard_deduplication-pct.svg",
                "multiqc/multiqc_plots/svg/rseqc_infer_experiment_plot.svg",
                "multiqc/multiqc_plots/svg/rseqc_read_distribution_plot-cnt.svg",
                "multiqc/multiqc_plots/svg/rseqc_read_distribution_plot-pct.svg",
                "multiqc/multiqc_report.html",
                "picard",
                "picard/RAP1_UNINDUCED_REP1.markdup.sorted.bai",
                "picard/RAP1_UNINDUCED_REP1.markdup.sorted.bam",
                "picard/RAP1_UNINDUCED_REP1.markdup.sorted.metrics.txt",
                "picard/RAP1_UNINDUCED_REP2.markdup.sorted.bai",
                "picard/RAP1_UNINDUCED_REP2.markdup.sorted.bam",
                "picard/RAP1_UNINDUCED_REP2.markdup.sorted.metrics.txt",
                "picard/WT_REP1.markdup.sorted.bai",
                "picard/WT_REP1.markdup.sorted.bam",
                "picard/WT_REP1.markdup.sorted.metrics.txt",
                "picard/WT_REP2.markdup.sorted.bai",
                "picard/WT_REP2.markdup.sorted.bam",
                "picard/WT_REP2.markdup.sorted.metrics.txt",
                "pipeline_info",
                "pipeline_info/cwbdproject_software_mqc_versions.yml",
                "rseqc",
                "rseqc/RAP1_UNINDUCED_REP1.infer_experiment.txt",
                "rseqc/RAP1_UNINDUCED_REP1.read_distribution.txt",
                "rseqc/RAP1_UNINDUCED_REP2.infer_experiment.txt",
                "rseqc/RAP1_UNINDUCED_REP2.read_distribution.txt",
                "rseqc/WT_REP1.infer_experiment.txt",
                "rseqc/WT_REP1.read_distribution.txt",
                "rseqc/WT_REP2.infer_experiment.txt",
                "rseqc/WT_REP2.read_distribution.txt",
                "stringtie",
                "stringtie/RAP1_UNINDUCED_REP1.ballgown",
                "stringtie/RAP1_UNINDUCED_REP1.ballgown/e2t.ctab",
                "stringtie/RAP1_UNINDUCED_REP1.ballgown/e_data.ctab",
                "stringtie/RAP1_UNINDUCED_REP1.ballgown/i2t.ctab",
                "stringtie/RAP1_UNINDUCED_REP1.ballgown/i_data.ctab",
                "stringtie/RAP1_UNINDUCED_REP1.ballgown/t_data.ctab",
                "stringtie/RAP1_UNINDUCED_REP1.coverage.gtf",
                "stringtie/RAP1_UNINDUCED_REP1.gene.abundance.txt",
                "stringtie/RAP1_UNINDUCED_REP1.transcripts.gtf",
                "stringtie/RAP1_UNINDUCED_REP2.ballgown",
                "stringtie/RAP1_UNINDUCED_REP2.ballgown/e2t.ctab",
                "stringtie/RAP1_UNINDUCED_REP2.ballgown/e_data.ctab",
                "stringtie/RAP1_UNINDUCED_REP2.ballgown/i2t.ctab",
                "stringtie/RAP1_UNINDUCED_REP2.ballgown/i_data.ctab",
                "stringtie/RAP1_UNINDUCED_REP2.ballgown/t_data.ctab",
                "stringtie/RAP1_UNINDUCED_REP2.coverage.gtf",
                "stringtie/RAP1_UNINDUCED_REP2.gene.abundance.txt",
                "stringtie/RAP1_UNINDUCED_REP2.transcripts.gtf",
                "stringtie/WT_REP1.ballgown",
                "stringtie/WT_REP1.ballgown/e2t.ctab",
                "stringtie/WT_REP1.ballgown/e_data.ctab",
                "stringtie/WT_REP1.ballgown/i2t.ctab",
                "stringtie/WT_REP1.ballgown/i_data.ctab",
                "stringtie/WT_REP1.ballgown/t_data.ctab",
                "stringtie/WT_REP1.coverage.gtf",
                "stringtie/WT_REP1.gene.abundance.txt",
                "stringtie/WT_REP1.transcripts.gtf",
                "stringtie/WT_REP2.ballgown",
                "stringtie/WT_REP2.ballgown/e2t.ctab",
                "stringtie/WT_REP2.ballgown/e_data.ctab",
                "stringtie/WT_REP2.ballgown/i2t.ctab",
                "stringtie/WT_REP2.ballgown/i_data.ctab",
                "stringtie/WT_REP2.ballgown/t_data.ctab",
                "stringtie/WT_REP2.coverage.gtf",
                "stringtie/WT_REP2.gene.abundance.txt",
                "stringtie/WT_REP2.transcripts.gtf",
                "tpm",
                "tpm/gene_tpm.tsv"
            ],
            [
                "gene_counts.tsv:md5,837ccc5c3d33b1689ead6c257fa31b63",
                "RAP1_UNINDUCED_REP1.featureCounts.tsv:md5,c21b23b9871bf82e7acd4150a6f9287f",
                "RAP1_UNINDUCED_REP1.featureCounts.tsv.summary:md5,e101e3bd5d1f05fec7df8ea08a70165d",
                "RAP1_UNINDUCED_REP2.featureCounts.tsv:md5,8dbf215e4c85cb4bdb52cae682988438",
                "RAP1_UNINDUCED_REP2.featureCounts.tsv.summary:md5,5ecc38198f38cb71317d1fe4667e62e4",
                "WT_REP1.featureCounts.tsv:md5,c2b83fe500abf096423b147add4f3d99",
                "WT_REP1.featureCounts.tsv.summary:md5,23a761de5c4ab60d609ddbaf82575311",
                "WT_REP2.featureCounts.tsv:md5,72bdf65f24763e5a6c6b1b32fb6ba0fc",
                "WT_REP2.featureCounts.tsv.summary:md5,a3962cc2bdc8e1e30604313d01a3e7ce",
                "RAP1_UNINDUCED_REP1.hisat2.summary.log:md5,46faca8ac38bd280ef891c82632b0693",
                "RAP1_UNINDUCED_REP2.hisat2.summary.log:md5,99b53b87f4e248f383343b1b6503175e",
                "WT_REP1.hisat2.summary.log:md5,9cc1777547e06b4ed52d9a975a50f0a0",
                "WT_REP2.hisat2.summary.log:md5,c83a7c0cfdb4e516663a0fb899265286",
                "fastp-insert-size-plot.txt:md5,de8cbd2baa5419e4151c79666a49e147",
                "fastp-seq-content-gc-plot_Read_1_After_filtering.txt:md5,1e29f17565e13af1977f55dd42237474",
                "fastp-seq-content-gc-plot_Read_1_Before_filtering.txt:md5,d61aa56066c50e4fa78c607fbdd8c8b0",
                "fastp-seq-content-gc-plot_Read_2_After_filtering.txt:md5,3215b6a8ed2c4ee4f569c4147fab26f2",
                "fastp-seq-content-gc-plot_Read_2_Before_filtering.txt:md5,36e1679fd0835b7a818f5753ea907b46",
                "fastp-seq-content-n-plot_Read_1_After_filtering.txt:md5,b32f40d593c10df7914e88d42caff4b8",
                "fastp-seq-content-n-plot_Read_1_Before_filtering.txt:md5,32bc38d3fca1a359c93b9ac98b36b289",
                "fastp-seq-content-n-plot_Read_2_After_filtering.txt:md5,733557302143ad5fd9fb8b1420364266",
                "fastp-seq-content-n-plot_Read_2_Before_filtering.txt:md5,21d8d7b83c9ae6a58566375693a0010a",
                "fastp-seq-quality-plot_Read_1_After_filtering.txt:md5,6ec7436e2ff81e532bdde0a205c8c513",
                "fastp-seq-quality-plot_Read_1_Before_filtering.txt:md5,33e864c856b5b3fcaefdf2e2e191c25a",
                "fastp-seq-quality-plot_Read_2_After_filtering.txt:md5,6b752f1f3c8a67d21d34f48fc0336ff6",
                "fastp-seq-quality-plot_Read_2_Before_filtering.txt:md5,5b4f6ecb7748ec9482e81dcfa504b3cb",
                "fastp_filtered_reads_plot.txt:md5,32450ce45e6c895ff9e00d4794a8b4b4",
                "fastqc-status-check-heatmap.txt:md5,bd1983e6c158ea3d7d63e8c96d9d288f",
                "fastqc_adapter_content_plot.txt:md5,7277c91e1bf59fcc63fce43bc039cded",
                "fastqc_overrepresented_sequences_plot.txt:md5,4fde351a61dc46f36a1922ab3ce3a32f",
                "fastqc_per_base_n_content_plot.txt:md5,585ff227f3e697bdc372d6d0ba14e8c0",
                "fastqc_per_base_sequence_quality_plot.txt:md5,d9de42dd9e4dd1682125a6b98d5ed76e",
                "fastqc_per_sequence_gc_content_plot_Counts.txt:md5,23a307f4da1016a889dbfad2e975ad3d",
                "fastqc_per_sequence_gc_content_plot_Percentages.txt:md5,49f2bfd89ce55f7693d1cd30848452b1",
                "fastqc_per_sequence_quality_scores_plot.txt:md5,8e17a13ef2026b520c47b70f2f78c846",
                "fastqc_sequence_counts_plot.txt:md5,3c0b6197a5d5854257ff15e93861d990",
                "fastqc_sequence_duplication_levels_plot.txt:md5,e8d6aad6c4b067bb01e2e9f95a9ee31c",
                "featureCounts_assignment_plot.txt:md5,bc2357014ba099a00986eaa7b4d71b29",
                "hisat2_pe_plot.txt:md5,8e128227d7ea626dc6eabcf0830f6a45",
                "hisat2_se_plot.txt:md5,7e5ae7ae731419932b2f69d44acd05e0",
                "multiqc_citations.txt:md5,eef23a84306f8b1b5d1d9997464cf79a",
                "multiqc_fastqc.txt:md5,4a5f3c5e77d35125a61b11f4a7b13681",
                "multiqc_featurecounts.txt:md5,55560a79b6c8991fb4a2102129a14611",
                "multiqc_hisat2.txt:md5,93480fa34e8fb19313817df369dbe04b",
                "multiqc_picard_dups.txt:md5,7f54897802eaf271c44211712578ad87",
                "multiqc_rseqc_infer_experiment.txt:md5,c64fcc3e32c946aaa8962d2812538375",
                "multiqc_rseqc_read_distribution.txt:md5,937657745aa15c314ca4806e421b8cc4",
                "picard_MarkIlluminaAdapters_histogram.txt:md5,d41d8cd98f00b204e9800998ecf8427e",
                "picard_MeanQualityByCycle_histogram.txt:md5,d41d8cd98f00b204e9800998ecf8427e",
                "picard_MeanQualityByCycle_histogram_1.txt:md5,d41d8cd98f00b204e9800998ecf8427e",
                "picard_QualityScoreDistribution_histogram.txt:md5,d41d8cd98f00b204e9800998ecf8427e",
                "picard_deduplication.txt:md5,d2d2855a15ab63cf2324db0e16c7927a",
                "rseqc_infer_experiment_plot.txt:md5,cfd51865392a0062ce1b8d19da98418c",
                "rseqc_read_distribution_plot.txt:md5,91df6b84219086fb69ad540374865178",
                "RAP1_UNINDUCED_REP1.infer_experiment.txt:md5,98e1f86a78f7104c8da8a11513158f11",
                "RAP1_UNINDUCED_REP1.read_distribution.txt:md5,db6d96a5b18b2e3bca2d44cc684e057a",
                "RAP1_UNINDUCED_REP2.infer_experiment.txt:md5,a5bee9723af3b8ab06865fcdd6345b57",
                "RAP1_UNINDUCED_REP2.read_distribution.txt:md5,30a1a7a4ef3df4bb3af3c17189880dfb",
                "WT_REP1.infer_experiment.txt:md5,46064b1deec8c8cae7f286d0853956d5",
                "WT_REP1.read_distribution.txt:md5,c42a0a89cbe0bb1525f9250d6536303c",
                "WT_REP2.infer_experiment.txt:md5,dbffe58bd7889e4f99041d0883390297",
                "WT_REP2.read_distribution.txt:md5,61e7aa15c22f8afc90265b7309b12918",
                "e2t.ctab:md5,c76a3f5e18ad925437ccdfd30687a3a6",
                "e_data.ctab:md5,d1b914ed28bd3f0eef1387d4d63fc038",
                "i2t.ctab:md5,fa6933716b2dff2c89374e882fc84de2",
                "i_data.ctab:md5,80de7e1afe4edf4bb66844f785f578fa",
                "t_data.ctab:md5,e16f5fa9c599ddd46861b17cc0655cd5",
                "e2t.ctab:md5,c76a3f5e18ad925437ccdfd30687a3a6",
                "e_data.ctab:md5,7350d819de3b8992a250a126ee4658a5",
                "i2t.ctab:md5,fa6933716b2dff2c89374e882fc84de2",
                "i_data.ctab:md5,cf2506824949c02e0bfde17a9ed86e61",
                "t_data.ctab:md5,f6cdc7a1dd6fd3d4be624f01554b799d",
                "e2t.ctab:md5,c76a3f5e18ad925437ccdfd30687a3a6",
                "e_data.ctab:md5,8e767962070538206966b7a9da25affa",
                "i2t.ctab:md5,fa6933716b2dff2c89374e882fc84de2",
                "i_data.ctab:md5,a41bef50930529bd91972a6037f45d89",
                "t_data.ctab:md5,30f876920455cd0a918dc57d4f5f5c1b",
                "e2t.ctab:md5,c76a3f5e18ad925437ccdfd30687a3a6",
                "e_data.ctab:md5,bd4c2ab193c407c24ee597e690262ec9",
                "i2t.ctab:md5,fa6933716b2dff2c89374e882fc84de2",
                "i_data.ctab:md5,4b516b81645380b515d8eb376432caf6",
                "t_data.ctab:md5,2e2f08d2aea0a9e8f7c62ab9e4dfa5cb",
                "gene_tpm.tsv:md5,a8d29e1664ca190ef0f39a13024b3daa"
            ]
        ],
        "timestamp": "2026-10-08T14:35:14.359876938",
        "meta": {
            "nf-test": "0.9.5",
            "nextflow": "26.04.6"
        }
    }
}