{
    "-profile test": {
        "content": [
            {
                "CAT_FASTQ": {
                    "cat": 9.5
                },
                "FASTP": {
                    "fastp": "1.3.6"
                },
                "FASTQC": {
                    "fastqc": "0.12.1"
                },
                "Workflow": {
                    "SaveTheWhaIes/cwbd-project": "v1.0.0dev"
                }
            },
            [
                "fastp",
                "fastp/RAP1_UNINDUCED_REP1.fastp.html",
                "fastp/RAP1_UNINDUCED_REP1.fastp.json",
                "fastp/RAP1_UNINDUCED_REP1.fastp.log",
                "fastp/RAP1_UNINDUCED_REP2.fastp.html",
                "fastp/RAP1_UNINDUCED_REP2.fastp.json",
                "fastp/RAP1_UNINDUCED_REP2.fastp.log",
                "fastp/WT_REP1.fastp.html",
                "fastp/WT_REP1.fastp.json",
                "fastp/WT_REP1.fastp.log",
                "fastp/WT_REP2.fastp.html",
                "fastp/WT_REP2.fastp.json",
                "fastp/WT_REP2.fastp.log",
                "fastqc",
                "fastqc/RAP1_UNINDUCED_REP1_fastqc.html",
                "fastqc/RAP1_UNINDUCED_REP1_fastqc.zip",
                "fastqc/RAP1_UNINDUCED_REP2_fastqc.html",
                "fastqc/RAP1_UNINDUCED_REP2_fastqc.zip",
                "fastqc/WT_REP1_1_fastqc.html",
                "fastqc/WT_REP1_1_fastqc.zip",
                "fastqc/WT_REP1_2_fastqc.html",
                "fastqc/WT_REP1_2_fastqc.zip",
                "fastqc/WT_REP2_1_fastqc.html",
                "fastqc/WT_REP2_1_fastqc.zip",
                "fastqc/WT_REP2_2_fastqc.html",
                "fastqc/WT_REP2_2_fastqc.zip",
                "multiqc",
                "multiqc/multiqc_data",
                "multiqc/multiqc_data/fastp-insert-size-plot.txt",
                "multiqc/multiqc_data/fastp-seq-content-gc-plot_Read_1_After_filtering.txt",
                "multiqc/multiqc_data/fastp-seq-content-gc-plot_Read_1_Before_filtering.txt",
                "multiqc/multiqc_data/fastp-seq-content-gc-plot_Read_2_After_filtering.txt",
                "multiqc/multiqc_data/fastp-seq-content-gc-plot_Read_2_Before_filtering.txt",
                "multiqc/multiqc_data/fastp-seq-content-n-plot_Read_1_After_filtering.txt",
                "multiqc/multiqc_data/fastp-seq-content-n-plot_Read_1_Before_filtering.txt",
                "multiqc/multiqc_data/fastp-seq-content-n-plot_Read_2_After_filtering.txt",
                "multiqc/multiqc_data/fastp-seq-content-n-plot_Read_2_Before_filtering.txt",
                "multiqc/multiqc_data/fastp-seq-quality-plot_Read_1_After_filtering.txt",
                "multiqc/multiqc_data/fastp-seq-quality-plot_Read_1_Before_filtering.txt",
                "multiqc/multiqc_data/fastp-seq-quality-plot_Read_2_After_filtering.txt",
                "multiqc/multiqc_data/fastp-seq-quality-plot_Read_2_Before_filtering.txt",
                "multiqc/multiqc_data/fastp_filtered_reads_plot.txt",
                "multiqc/multiqc_data/fastqc-status-check-heatmap.txt",
                "multiqc/multiqc_data/fastqc_adapter_content_plot.txt",
                "multiqc/multiqc_data/fastqc_overrepresented_sequences_plot.txt",
                "multiqc/multiqc_data/fastqc_per_base_n_content_plot.txt",
                "multiqc/multiqc_data/fastqc_per_base_sequence_quality_plot.txt",
                "multiqc/multiqc_data/fastqc_per_sequence_gc_content_plot_Counts.txt",
                "multiqc/multiqc_data/fastqc_per_sequence_gc_content_plot_Percentages.txt",
                "multiqc/multiqc_data/fastqc_per_sequence_quality_scores_plot.txt",
                "multiqc/multiqc_data/fastqc_sequence_counts_plot.txt",
                "multiqc/multiqc_data/fastqc_sequence_duplication_levels_plot.txt",
                "multiqc/multiqc_data/fastqc_top_overrepresented_sequences_table.txt",
                "multiqc/multiqc_data/llms-full.txt",
                "multiqc/multiqc_data/multiqc.log",
                "multiqc/multiqc_data/multiqc.parquet",
                "multiqc/multiqc_data/multiqc_citations.txt",
                "multiqc/multiqc_data/multiqc_data.json",
                "multiqc/multiqc_data/multiqc_fastp.txt",
                "multiqc/multiqc_data/multiqc_fastqc.txt",
                "multiqc/multiqc_data/multiqc_general_stats.txt",
                "multiqc/multiqc_data/multiqc_software_versions.txt",
                "multiqc/multiqc_data/multiqc_sources.txt",
                "multiqc/multiqc_plots",
                "multiqc/multiqc_plots/pdf",
                "multiqc/multiqc_plots/pdf/fastp-insert-size-plot.pdf",
                "multiqc/multiqc_plots/pdf/fastp-seq-content-gc-plot_Read_1_After_filtering.pdf",
                "multiqc/multiqc_plots/pdf/fastp-seq-content-gc-plot_Read_1_Before_filtering.pdf",
                "multiqc/multiqc_plots/pdf/fastp-seq-content-gc-plot_Read_2_After_filtering.pdf",
                "multiqc/multiqc_plots/pdf/fastp-seq-content-gc-plot_Read_2_Before_filtering.pdf",
                "multiqc/multiqc_plots/pdf/fastp-seq-content-n-plot_Read_1_After_filtering.pdf",
                "multiqc/multiqc_plots/pdf/fastp-seq-content-n-plot_Read_1_Before_filtering.pdf",
                "multiqc/multiqc_plots/pdf/fastp-seq-content-n-plot_Read_2_After_filtering.pdf",
                "multiqc/multiqc_plots/pdf/fastp-seq-content-n-plot_Read_2_Before_filtering.pdf",
                "multiqc/multiqc_plots/pdf/fastp-seq-quality-plot_Read_1_After_filtering.pdf",
                "multiqc/multiqc_plots/pdf/fastp-seq-quality-plot_Read_1_Before_filtering.pdf",
                "multiqc/multiqc_plots/pdf/fastp-seq-quality-plot_Read_2_After_filtering.pdf",
                "multiqc/multiqc_plots/pdf/fastp-seq-quality-plot_Read_2_Before_filtering.pdf",
                "multiqc/multiqc_plots/pdf/fastp_filtered_reads_plot-cnt.pdf",
                "multiqc/multiqc_plots/pdf/fastp_filtered_reads_plot-pct.pdf",
                "multiqc/multiqc_plots/pdf/fastqc-status-check-heatmap.pdf",
                "multiqc/multiqc_plots/pdf/fastqc_adapter_content_plot.pdf",
                "multiqc/multiqc_plots/pdf/fastqc_overrepresented_sequences_plot.pdf",
                "multiqc/multiqc_plots/pdf/fastqc_per_base_n_content_plot.pdf",
                "multiqc/multiqc_plots/pdf/fastqc_per_base_sequence_quality_plot.pdf",
                "multiqc/multiqc_plots/pdf/fastqc_per_sequence_gc_content_plot_Counts.pdf",
                "multiqc/multiqc_plots/pdf/fastqc_per_sequence_gc_content_plot_Percentages.pdf",
                "multiqc/multiqc_plots/pdf/fastqc_per_sequence_quality_scores_plot.pdf",
                "multiqc/multiqc_plots/pdf/fastqc_sequence_counts_plot-cnt.pdf",
                "multiqc/multiqc_plots/pdf/fastqc_sequence_counts_plot-pct.pdf",
                "multiqc/multiqc_plots/pdf/fastqc_sequence_duplication_levels_plot.pdf",
                "multiqc/multiqc_plots/pdf/fastqc_top_overrepresented_sequences_table.pdf",
                "multiqc/multiqc_plots/png",
                "multiqc/multiqc_plots/png/fastp-insert-size-plot.png",
                "multiqc/multiqc_plots/png/fastp-seq-content-gc-plot_Read_1_After_filtering.png",
                "multiqc/multiqc_plots/png/fastp-seq-content-gc-plot_Read_1_Before_filtering.png",
                "multiqc/multiqc_plots/png/fastp-seq-content-gc-plot_Read_2_After_filtering.png",
                "multiqc/multiqc_plots/png/fastp-seq-content-gc-plot_Read_2_Before_filtering.png",
                "multiqc/multiqc_plots/png/fastp-seq-content-n-plot_Read_1_After_filtering.png",
                "multiqc/multiqc_plots/png/fastp-seq-content-n-plot_Read_1_Before_filtering.png",
                "multiqc/multiqc_plots/png/fastp-seq-content-n-plot_Read_2_After_filtering.png",
                "multiqc/multiqc_plots/png/fastp-seq-content-n-plot_Read_2_Before_filtering.png",
                "multiqc/multiqc_plots/png/fastp-seq-quality-plot_Read_1_After_filtering.png",
                "multiqc/multiqc_plots/png/fastp-seq-quality-plot_Read_1_Before_filtering.png",
                "multiqc/multiqc_plots/png/fastp-seq-quality-plot_Read_2_After_filtering.png",
                "multiqc/multiqc_plots/png/fastp-seq-quality-plot_Read_2_Before_filtering.png",
                "multiqc/multiqc_plots/png/fastp_filtered_reads_plot-cnt.png",
                "multiqc/multiqc_plots/png/fastp_filtered_reads_plot-pct.png",
                "multiqc/multiqc_plots/png/fastqc-status-check-heatmap.png",
                "multiqc/multiqc_plots/png/fastqc_adapter_content_plot.png",
                "multiqc/multiqc_plots/png/fastqc_overrepresented_sequences_plot.png",
                "multiqc/multiqc_plots/png/fastqc_per_base_n_content_plot.png",
                "multiqc/multiqc_plots/png/fastqc_per_base_sequence_quality_plot.png",
                "multiqc/multiqc_plots/png/fastqc_per_sequence_gc_content_plot_Counts.png",
                "multiqc/multiqc_plots/png/fastqc_per_sequence_gc_content_plot_Percentages.png",
                "multiqc/multiqc_plots/png/fastqc_per_sequence_quality_scores_plot.png",
                "multiqc/multiqc_plots/png/fastqc_sequence_counts_plot-cnt.png",
                "multiqc/multiqc_plots/png/fastqc_sequence_counts_plot-pct.png",
                "multiqc/multiqc_plots/png/fastqc_sequence_duplication_levels_plot.png",
                "multiqc/multiqc_plots/png/fastqc_top_overrepresented_sequences_table.png",
                "multiqc/multiqc_plots/svg",
                "multiqc/multiqc_plots/svg/fastp-insert-size-plot.svg",
                "multiqc/multiqc_plots/svg/fastp-seq-content-gc-plot_Read_1_After_filtering.svg",
                "multiqc/multiqc_plots/svg/fastp-seq-content-gc-plot_Read_1_Before_filtering.svg",
                "multiqc/multiqc_plots/svg/fastp-seq-content-gc-plot_Read_2_After_filtering.svg",
                "multiqc/multiqc_plots/svg/fastp-seq-content-gc-plot_Read_2_Before_filtering.svg",
                "multiqc/multiqc_plots/svg/fastp-seq-content-n-plot_Read_1_After_filtering.svg",
                "multiqc/multiqc_plots/svg/fastp-seq-content-n-plot_Read_1_Before_filtering.svg",
                "multiqc/multiqc_plots/svg/fastp-seq-content-n-plot_Read_2_After_filtering.svg",
                "multiqc/multiqc_plots/svg/fastp-seq-content-n-plot_Read_2_Before_filtering.svg",
                "multiqc/multiqc_plots/svg/fastp-seq-quality-plot_Read_1_After_filtering.svg",
                "multiqc/multiqc_plots/svg/fastp-seq-quality-plot_Read_1_Before_filtering.svg",
                "multiqc/multiqc_plots/svg/fastp-seq-quality-plot_Read_2_After_filtering.svg",
                "multiqc/multiqc_plots/svg/fastp-seq-quality-plot_Read_2_Before_filtering.svg",
                "multiqc/multiqc_plots/svg/fastp_filtered_reads_plot-cnt.svg",
                "multiqc/multiqc_plots/svg/fastp_filtered_reads_plot-pct.svg",
                "multiqc/multiqc_plots/svg/fastqc-status-check-heatmap.svg",
                "multiqc/multiqc_plots/svg/fastqc_adapter_content_plot.svg",
                "multiqc/multiqc_plots/svg/fastqc_overrepresented_sequences_plot.svg",
                "multiqc/multiqc_plots/svg/fastqc_per_base_n_content_plot.svg",
                "multiqc/multiqc_plots/svg/fastqc_per_base_sequence_quality_plot.svg",
                "multiqc/multiqc_plots/svg/fastqc_per_sequence_gc_content_plot_Counts.svg",
                "multiqc/multiqc_plots/svg/fastqc_per_sequence_gc_content_plot_Percentages.svg",
                "multiqc/multiqc_plots/svg/fastqc_per_sequence_quality_scores_plot.svg",
                "multiqc/multiqc_plots/svg/fastqc_sequence_counts_plot-cnt.svg",
                "multiqc/multiqc_plots/svg/fastqc_sequence_counts_plot-pct.svg",
                "multiqc/multiqc_plots/svg/fastqc_sequence_duplication_levels_plot.svg",
                "multiqc/multiqc_plots/svg/fastqc_top_overrepresented_sequences_table.svg",
                "multiqc/multiqc_report.html",
                "pipeline_info",
                "pipeline_info/cwbdproject_software_mqc_versions.yml"
            ],
            [
                "fastp-insert-size-plot.txt:md5,de8cbd2baa5419e4151c79666a49e147",
                "fastp-seq-content-gc-plot_Read_1_After_filtering.txt:md5,1e29f17565e13af1977f55dd42237474",
                "fastp-seq-content-gc-plot_Read_1_Before_filtering.txt:md5,d61aa56066c50e4fa78c607fbdd8c8b0",
                "fastp-seq-content-gc-plot_Read_2_After_filtering.txt:md5,3215b6a8ed2c4ee4f569c4147fab26f2",
                "fastp-seq-content-gc-plot_Read_2_Before_filtering.txt:md5,36e1679fd0835b7a818f5753ea907b46",
                "fastp-seq-content-n-plot_Read_1_After_filtering.txt:md5,b32f40d593c10df7914e88d42caff4b8",
                "fastp-seq-content-n-plot_Read_1_Before_filtering.txt:md5,32bc38d3fca1a359c93b9ac98b36b289",
                "fastp-seq-content-n-plot_Read_2_After_filtering.txt:md5,733557302143ad5fd9fb8b1420364266",
                "fastp-seq-content-n-plot_Read_2_Before_filtering.txt:md5,21d8d7b83c9ae6a58566375693a0010a",
                "fastp-seq-quality-plot_Read_1_After_filtering.txt:md5,6ec7436e2ff81e532bdde0a205c8c513",
                "fastp-seq-quality-plot_Read_1_Before_filtering.txt:md5,33e864c856b5b3fcaefdf2e2e191c25a",
                "fastp-seq-quality-plot_Read_2_After_filtering.txt:md5,6b752f1f3c8a67d21d34f48fc0336ff6",
                "fastp-seq-quality-plot_Read_2_Before_filtering.txt:md5,5b4f6ecb7748ec9482e81dcfa504b3cb",
                "fastp_filtered_reads_plot.txt:md5,32450ce45e6c895ff9e00d4794a8b4b4",
                "fastqc-status-check-heatmap.txt:md5,bd1983e6c158ea3d7d63e8c96d9d288f",
                "fastqc_adapter_content_plot.txt:md5,7277c91e1bf59fcc63fce43bc039cded",
                "fastqc_overrepresented_sequences_plot.txt:md5,4fde351a61dc46f36a1922ab3ce3a32f",
                "fastqc_per_base_n_content_plot.txt:md5,585ff227f3e697bdc372d6d0ba14e8c0",
                "fastqc_per_base_sequence_quality_plot.txt:md5,d9de42dd9e4dd1682125a6b98d5ed76e",
                "fastqc_per_sequence_gc_content_plot_Counts.txt:md5,23a307f4da1016a889dbfad2e975ad3d",
                "fastqc_per_sequence_gc_content_plot_Percentages.txt:md5,49f2bfd89ce55f7693d1cd30848452b1",
                "fastqc_per_sequence_quality_scores_plot.txt:md5,8e17a13ef2026b520c47b70f2f78c846",
                "fastqc_sequence_counts_plot.txt:md5,3c0b6197a5d5854257ff15e93861d990",
                "fastqc_sequence_duplication_levels_plot.txt:md5,e8d6aad6c4b067bb01e2e9f95a9ee31c",
                "multiqc_citations.txt:md5,d35df50e9903a96a2b3bce3c1fbc8ad2",
                "multiqc_fastqc.txt:md5,4a5f3c5e77d35125a61b11f4a7b13681"
            ]
        ],
        "timestamp": "2026-10-05T18:12:27.660060736",
        "meta": {
            "nf-test": "0.9.4",
            "nextflow": "26.04.6"
        }
    }
}