{
    "-profile test_human": {
        "content": [
            {
                "FASTP": {
                    "fastp": "1.3.6"
                },
                "FASTQC": {
                    "fastqc": "0.12.1"
                },
                "HISAT2_ALIGN": {
                    "hisat2": "2.2.3",
                    "samtools": 1.24
                },
                "HISAT2_BUILD": {
                    "hisat2": "2.2.3"
                },
                "HISAT2_EXTRACTSPLICESITES": {
                    "hisat2": "2.2.3",
                    "samtools": 1.24
                },
                "MERGE_TPM": {
                    "python": "3.14.5"
                },
                "PICARD_MARKDUPLICATES": {
                    "picard": "3.5.0"
                },
                "SAMTOOLS_SORT": {
                    "samtools": 1.24
                },
                "STRINGTIE_STRINGTIE": {
                    "stringtie": "3.0.3"
                },
                "Workflow": {
                    "SaveTheWhaIes/cwbd-project": "v1.0.0"
                }
            },
            [
                "fastp",
                "fastp/HUMAN_CHR22.fastp.html",
                "fastp/HUMAN_CHR22.fastp.json",
                "fastp/HUMAN_CHR22.fastp.log",
                "fastqc",
                "fastqc/HUMAN_CHR22_1_fastqc.html",
                "fastqc/HUMAN_CHR22_1_fastqc.zip",
                "fastqc/HUMAN_CHR22_2_fastqc.html",
                "fastqc/HUMAN_CHR22_2_fastqc.zip",
                "hisat2",
                "hisat2/log",
                "hisat2/log/HUMAN_CHR22.hisat2.summary.log",
                "multiqc",
                "multiqc/multiqc_data",
                "multiqc/multiqc_data/fastp-insert-size-plot.txt",
                "multiqc/multiqc_data/fastp-seq-content-gc-plot_Read_1_After_filtering.txt",
                "multiqc/multiqc_data/fastp-seq-content-gc-plot_Read_1_Before_filtering.txt",
                "multiqc/multiqc_data/fastp-seq-content-gc-plot_Read_2_After_filtering.txt",
                "multiqc/multiqc_data/fastp-seq-content-gc-plot_Read_2_Before_filtering.txt",
                "multiqc/multiqc_data/fastp-seq-content-n-plot_Read_1_After_filtering.txt",
                "multiqc/multiqc_data/fastp-seq-content-n-plot_Read_1_Before_filtering.txt",
                "multiqc/multiqc_data/fastp-seq-content-n-plot_Read_2_After_filtering.txt",
                "multiqc/multiqc_data/fastp-seq-content-n-plot_Read_2_Before_filtering.txt",
                "multiqc/multiqc_data/fastp-seq-quality-plot_Read_1_After_filtering.txt",
                "multiqc/multiqc_data/fastp-seq-quality-plot_Read_1_Before_filtering.txt",
                "multiqc/multiqc_data/fastp-seq-quality-plot_Read_2_After_filtering.txt",
                "multiqc/multiqc_data/fastp-seq-quality-plot_Read_2_Before_filtering.txt",
                "multiqc/multiqc_data/fastp_filtered_reads_plot.txt",
                "multiqc/multiqc_data/fastqc-status-check-heatmap.txt",
                "multiqc/multiqc_data/fastqc_adapter_content_plot.txt",
                "multiqc/multiqc_data/fastqc_overrepresented_sequences_plot.txt",
                "multiqc/multiqc_data/fastqc_per_base_n_content_plot.txt",
                "multiqc/multiqc_data/fastqc_per_base_sequence_quality_plot.txt",
                "multiqc/multiqc_data/fastqc_per_sequence_gc_content_plot_Counts.txt",
                "multiqc/multiqc_data/fastqc_per_sequence_gc_content_plot_Percentages.txt",
                "multiqc/multiqc_data/fastqc_per_sequence_quality_scores_plot.txt",
                "multiqc/multiqc_data/fastqc_sequence_counts_plot.txt",
                "multiqc/multiqc_data/fastqc_sequence_duplication_levels_plot.txt",
                "multiqc/multiqc_data/fastqc_sequence_length_distribution_plot.txt",
                "multiqc/multiqc_data/fastqc_top_overrepresented_sequences_table.txt",
                "multiqc/multiqc_data/hisat2_pe_plot.txt",
                "multiqc/multiqc_data/llms-full.txt",
                "multiqc/multiqc_data/multiqc.log",
                "multiqc/multiqc_data/multiqc.parquet",
                "multiqc/multiqc_data/multiqc_citations.txt",
                "multiqc/multiqc_data/multiqc_data.json",
                "multiqc/multiqc_data/multiqc_fastp.txt",
                "multiqc/multiqc_data/multiqc_fastqc.txt",
                "multiqc/multiqc_data/multiqc_general_stats.txt",
                "multiqc/multiqc_data/multiqc_hisat2.txt",
                "multiqc/multiqc_data/multiqc_picard_dups.txt",
                "multiqc/multiqc_data/multiqc_software_versions.txt",
                "multiqc/multiqc_data/multiqc_sources.txt",
                "multiqc/multiqc_data/picard_MarkIlluminaAdapters_histogram.txt",
                "multiqc/multiqc_data/picard_MeanQualityByCycle_histogram.txt",
                "multiqc/multiqc_data/picard_MeanQualityByCycle_histogram_1.txt",
                "multiqc/multiqc_data/picard_QualityScoreDistribution_histogram.txt",
                "multiqc/multiqc_data/picard_deduplication.txt",
                "multiqc/multiqc_plots",
                "multiqc/multiqc_plots/pdf",
                "multiqc/multiqc_plots/pdf/fastp-insert-size-plot.pdf",
                "multiqc/multiqc_plots/pdf/fastp-seq-content-gc-plot_Read_1_After_filtering.pdf",
                "multiqc/multiqc_plots/pdf/fastp-seq-content-gc-plot_Read_1_Before_filtering.pdf",
                "multiqc/multiqc_plots/pdf/fastp-seq-content-gc-plot_Read_2_After_filtering.pdf",
                "multiqc/multiqc_plots/pdf/fastp-seq-content-gc-plot_Read_2_Before_filtering.pdf",
                "multiqc/multiqc_plots/pdf/fastp-seq-content-n-plot_Read_1_After_filtering.pdf",
                "multiqc/multiqc_plots/pdf/fastp-seq-content-n-plot_Read_1_Before_filtering.pdf",
                "multiqc/multiqc_plots/pdf/fastp-seq-content-n-plot_Read_2_After_filtering.pdf",
                "multiqc/multiqc_plots/pdf/fastp-seq-content-n-plot_Read_2_Before_filtering.pdf",
                "multiqc/multiqc_plots/pdf/fastp-seq-quality-plot_Read_1_After_filtering.pdf",
                "multiqc/multiqc_plots/pdf/fastp-seq-quality-plot_Read_1_Before_filtering.pdf",
                "multiqc/multiqc_plots/pdf/fastp-seq-quality-plot_Read_2_After_filtering.pdf",
                "multiqc/multiqc_plots/pdf/fastp-seq-quality-plot_Read_2_Before_filtering.pdf",
                "multiqc/multiqc_plots/pdf/fastp_filtered_reads_plot-cnt.pdf",
                "multiqc/multiqc_plots/pdf/fastp_filtered_reads_plot-pct.pdf",
                "multiqc/multiqc_plots/pdf/fastqc-status-check-heatmap.pdf",
                "multiqc/multiqc_plots/pdf/fastqc_adapter_content_plot.pdf",
                "multiqc/multiqc_plots/pdf/fastqc_overrepresented_sequences_plot.pdf",
                "multiqc/multiqc_plots/pdf/fastqc_per_base_n_content_plot.pdf",
                "multiqc/multiqc_plots/pdf/fastqc_per_base_sequence_quality_plot.pdf",
                "multiqc/multiqc_plots/pdf/fastqc_per_sequence_gc_content_plot_Counts.pdf",
                "multiqc/multiqc_plots/pdf/fastqc_per_sequence_gc_content_plot_Percentages.pdf",
                "multiqc/multiqc_plots/pdf/fastqc_per_sequence_quality_scores_plot.pdf",
                "multiqc/multiqc_plots/pdf/fastqc_sequence_counts_plot-cnt.pdf",
                "multiqc/multiqc_plots/pdf/fastqc_sequence_counts_plot-pct.pdf",
                "multiqc/multiqc_plots/pdf/fastqc_sequence_duplication_levels_plot.pdf",
                "multiqc/multiqc_plots/pdf/fastqc_sequence_length_distribution_plot.pdf",
                "multiqc/multiqc_plots/pdf/fastqc_top_overrepresented_sequences_table.pdf",
                "multiqc/multiqc_plots/pdf/hisat2_pe_plot-cnt.pdf",
                "multiqc/multiqc_plots/pdf/hisat2_pe_plot-pct.pdf",
                "multiqc/multiqc_plots/pdf/picard_deduplication-cnt.pdf",
                "multiqc/multiqc_plots/pdf/picard_deduplication-pct.pdf",
                "multiqc/multiqc_plots/png",
                "multiqc/multiqc_plots/png/fastp-insert-size-plot.png",
                "multiqc/multiqc_plots/png/fastp-seq-content-gc-plot_Read_1_After_filtering.png",
                "multiqc/multiqc_plots/png/fastp-seq-content-gc-plot_Read_1_Before_filtering.png",
                "multiqc/multiqc_plots/png/fastp-seq-content-gc-plot_Read_2_After_filtering.png",
                "multiqc/multiqc_plots/png/fastp-seq-content-gc-plot_Read_2_Before_filtering.png",
                "multiqc/multiqc_plots/png/fastp-seq-content-n-plot_Read_1_After_filtering.png",
                "multiqc/multiqc_plots/png/fastp-seq-content-n-plot_Read_1_Before_filtering.png",
                "multiqc/multiqc_plots/png/fastp-seq-content-n-plot_Read_2_After_filtering.png",
                "multiqc/multiqc_plots/png/fastp-seq-content-n-plot_Read_2_Before_filtering.png",
                "multiqc/multiqc_plots/png/fastp-seq-quality-plot_Read_1_After_filtering.png",
                "multiqc/multiqc_plots/png/fastp-seq-quality-plot_Read_1_Before_filtering.png",
                "multiqc/multiqc_plots/png/fastp-seq-quality-plot_Read_2_After_filtering.png",
                "multiqc/multiqc_plots/png/fastp-seq-quality-plot_Read_2_Before_filtering.png",
                "multiqc/multiqc_plots/png/fastp_filtered_reads_plot-cnt.png",
                "multiqc/multiqc_plots/png/fastp_filtered_reads_plot-pct.png",
                "multiqc/multiqc_plots/png/fastqc-status-check-heatmap.png",
                "multiqc/multiqc_plots/png/fastqc_adapter_content_plot.png",
                "multiqc/multiqc_plots/png/fastqc_overrepresented_sequences_plot.png",
                "multiqc/multiqc_plots/png/fastqc_per_base_n_content_plot.png",
                "multiqc/multiqc_plots/png/fastqc_per_base_sequence_quality_plot.png",
                "multiqc/multiqc_plots/png/fastqc_per_sequence_gc_content_plot_Counts.png",
                "multiqc/multiqc_plots/png/fastqc_per_sequence_gc_content_plot_Percentages.png",
                "multiqc/multiqc_plots/png/fastqc_per_sequence_quality_scores_plot.png",
                "multiqc/multiqc_plots/png/fastqc_sequence_counts_plot-cnt.png",
                "multiqc/multiqc_plots/png/fastqc_sequence_counts_plot-pct.png",
                "multiqc/multiqc_plots/png/fastqc_sequence_duplication_levels_plot.png",
                "multiqc/multiqc_plots/png/fastqc_sequence_length_distribution_plot.png",
                "multiqc/multiqc_plots/png/fastqc_top_overrepresented_sequences_table.png",
                "multiqc/multiqc_plots/png/hisat2_pe_plot-cnt.png",
                "multiqc/multiqc_plots/png/hisat2_pe_plot-pct.png",
                "multiqc/multiqc_plots/png/picard_deduplication-cnt.png",
                "multiqc/multiqc_plots/png/picard_deduplication-pct.png",
                "multiqc/multiqc_plots/svg",
                "multiqc/multiqc_plots/svg/fastp-insert-size-plot.svg",
                "multiqc/multiqc_plots/svg/fastp-seq-content-gc-plot_Read_1_After_filtering.svg",
                "multiqc/multiqc_plots/svg/fastp-seq-content-gc-plot_Read_1_Before_filtering.svg",
                "multiqc/multiqc_plots/svg/fastp-seq-content-gc-plot_Read_2_After_filtering.svg",
                "multiqc/multiqc_plots/svg/fastp-seq-content-gc-plot_Read_2_Before_filtering.svg",
                "multiqc/multiqc_plots/svg/fastp-seq-content-n-plot_Read_1_After_filtering.svg",
                "multiqc/multiqc_plots/svg/fastp-seq-content-n-plot_Read_1_Before_filtering.svg",
                "multiqc/multiqc_plots/svg/fastp-seq-content-n-plot_Read_2_After_filtering.svg",
                "multiqc/multiqc_plots/svg/fastp-seq-content-n-plot_Read_2_Before_filtering.svg",
                "multiqc/multiqc_plots/svg/fastp-seq-quality-plot_Read_1_After_filtering.svg",
                "multiqc/multiqc_plots/svg/fastp-seq-quality-plot_Read_1_Before_filtering.svg",
                "multiqc/multiqc_plots/svg/fastp-seq-quality-plot_Read_2_After_filtering.svg",
                "multiqc/multiqc_plots/svg/fastp-seq-quality-plot_Read_2_Before_filtering.svg",
                "multiqc/multiqc_plots/svg/fastp_filtered_reads_plot-cnt.svg",
                "multiqc/multiqc_plots/svg/fastp_filtered_reads_plot-pct.svg",
                "multiqc/multiqc_plots/svg/fastqc-status-check-heatmap.svg",
                "multiqc/multiqc_plots/svg/fastqc_adapter_content_plot.svg",
                "multiqc/multiqc_plots/svg/fastqc_overrepresented_sequences_plot.svg",
                "multiqc/multiqc_plots/svg/fastqc_per_base_n_content_plot.svg",
                "multiqc/multiqc_plots/svg/fastqc_per_base_sequence_quality_plot.svg",
                "multiqc/multiqc_plots/svg/fastqc_per_sequence_gc_content_plot_Counts.svg",
                "multiqc/multiqc_plots/svg/fastqc_per_sequence_gc_content_plot_Percentages.svg",
                "multiqc/multiqc_plots/svg/fastqc_per_sequence_quality_scores_plot.svg",
                "multiqc/multiqc_plots/svg/fastqc_sequence_counts_plot-cnt.svg",
                "multiqc/multiqc_plots/svg/fastqc_sequence_counts_plot-pct.svg",
                "multiqc/multiqc_plots/svg/fastqc_sequence_duplication_levels_plot.svg",
                "multiqc/multiqc_plots/svg/fastqc_sequence_length_distribution_plot.svg",
                "multiqc/multiqc_plots/svg/fastqc_top_overrepresented_sequences_table.svg",
                "multiqc/multiqc_plots/svg/hisat2_pe_plot-cnt.svg",
                "multiqc/multiqc_plots/svg/hisat2_pe_plot-pct.svg",
                "multiqc/multiqc_plots/svg/picard_deduplication-cnt.svg",
                "multiqc/multiqc_plots/svg/picard_deduplication-pct.svg",
                "multiqc/multiqc_report.html",
                "picard",
                "picard/HUMAN_CHR22.markdup.sorted.bai",
                "picard/HUMAN_CHR22.markdup.sorted.bam",
                "picard/HUMAN_CHR22.markdup.sorted.metrics.txt",
                "pipeline_info",
                "pipeline_info/cwbdproject_software_mqc_versions.yml",
                "stringtie",
                "stringtie/HUMAN_CHR22.ballgown",
                "stringtie/HUMAN_CHR22.ballgown/e2t.ctab",
                "stringtie/HUMAN_CHR22.ballgown/e_data.ctab",
                "stringtie/HUMAN_CHR22.ballgown/i2t.ctab",
                "stringtie/HUMAN_CHR22.ballgown/i_data.ctab",
                "stringtie/HUMAN_CHR22.ballgown/t_data.ctab",
                "stringtie/HUMAN_CHR22.coverage.gtf",
                "stringtie/HUMAN_CHR22.gene.abundance.txt",
                "stringtie/HUMAN_CHR22.transcripts.gtf",
                "tpm",
                "tpm/gene_tpm.tsv"
            ],
            [
                "HUMAN_CHR22.hisat2.summary.log:md5,0a85bb7ccc47304922904d01c85b5508",
                "fastp-insert-size-plot.txt:md5,98fa40a4982dfa9f2d465a6d9cc9fe38",
                "fastp-seq-content-gc-plot_Read_1_After_filtering.txt:md5,39015a56a3244f5df6a5b31e8a407c46",
                "fastp-seq-content-gc-plot_Read_1_Before_filtering.txt:md5,d216e4b7f8627e6275c0eed78a6ac34e",
                "fastp-seq-content-gc-plot_Read_2_After_filtering.txt:md5,72af5263f7fb28f20b1a9380be563c1f",
                "fastp-seq-content-gc-plot_Read_2_Before_filtering.txt:md5,17c5a43ecc728992afd798260d88fa26",
                "fastp-seq-content-n-plot_Read_1_After_filtering.txt:md5,e7cc83d773648f1aa45481e29d08832b",
                "fastp-seq-content-n-plot_Read_1_Before_filtering.txt:md5,7c0f58e9beaa04fdeda269d67d9dd13c",
                "fastp-seq-content-n-plot_Read_2_After_filtering.txt:md5,e5ac1f24027a08d14be76ca8a871ebf3",
                "fastp-seq-content-n-plot_Read_2_Before_filtering.txt:md5,378b2b01c368664fc47303654b328723",
                "fastp-seq-quality-plot_Read_1_After_filtering.txt:md5,12a72fed8f5f383fa7aa3367e072c642",
                "fastp-seq-quality-plot_Read_1_Before_filtering.txt:md5,fd744451ee2eb0e41c66d9e83580dc32",
                "fastp-seq-quality-plot_Read_2_After_filtering.txt:md5,1627a426aa6f027aa2be6119264ece1c",
                "fastp-seq-quality-plot_Read_2_Before_filtering.txt:md5,34ca64767beb334b061d061e2795b905",
                "fastp_filtered_reads_plot.txt:md5,b1f985c18534b0f05bc572803f1b8b73",
                "fastqc-status-check-heatmap.txt:md5,e69a3d2d2483e6a87b7360c13bd8b238",
                "fastqc_adapter_content_plot.txt:md5,6f946c37f2fa17afd9d0ac55155d1c5e",
                "fastqc_overrepresented_sequences_plot.txt:md5,91bcf9b51f1c5650c0e4c273ace7f8b9",
                "fastqc_per_base_n_content_plot.txt:md5,f463b533d71202e5ca0f71eb8f1edf81",
                "fastqc_per_base_sequence_quality_plot.txt:md5,9885f82c6194572c877ca3172215cec5",
                "fastqc_per_sequence_gc_content_plot_Counts.txt:md5,dcbab03500a02fa78112d72e828e74dc",
                "fastqc_per_sequence_gc_content_plot_Percentages.txt:md5,5916ab466bf77289e3b4332d31f0fc9b",
                "fastqc_per_sequence_quality_scores_plot.txt:md5,a42e19f9a1229abf482a3ec47473f08a",
                "fastqc_sequence_counts_plot.txt:md5,0348f1e1802aa9b4cb7a70c862e4c502",
                "fastqc_sequence_duplication_levels_plot.txt:md5,333d92e6690711dfeb597853726a218d",
                "fastqc_sequence_length_distribution_plot.txt:md5,211bf5f66682eb7d59b51b3793326a0b",
                "hisat2_pe_plot.txt:md5,de293e09b028238ffbaa8d4f5b68c4af",
                "multiqc_citations.txt:md5,1c55f861c39e3dd84bcbec2da77ab98a",
                "multiqc_fastqc.txt:md5,033ff3740200ffdf44e6e4d6d6e3bb5c",
                "multiqc_hisat2.txt:md5,7c1a3b143af94774143e252d317bf843",
                "multiqc_picard_dups.txt:md5,d0cdc230d3d905390c1c54a9548e1bae",
                "picard_MarkIlluminaAdapters_histogram.txt:md5,d41d8cd98f00b204e9800998ecf8427e",
                "picard_MeanQualityByCycle_histogram.txt:md5,d41d8cd98f00b204e9800998ecf8427e",
                "picard_MeanQualityByCycle_histogram_1.txt:md5,d41d8cd98f00b204e9800998ecf8427e",
                "picard_QualityScoreDistribution_histogram.txt:md5,d41d8cd98f00b204e9800998ecf8427e",
                "picard_deduplication.txt:md5,87305ab4da16773f870a0c1dc3d5e0ed",
                "e2t.ctab:md5,9ae42e056c955a88a883e5e917840d77",
                "e_data.ctab:md5,3ca8e89c3c76592f3ed7aeec443a55d3",
                "i2t.ctab:md5,658131af118cfb416939044fdb5411de",
                "i_data.ctab:md5,f01d94a7d0dcfad3bfab18ed50dad16c",
                "t_data.ctab:md5,f503f0d0660064d6fd0aae9ae7368089",
                "gene_tpm.tsv:md5,892f656a27a33a507cde405a811f0999"
            ]
        ],
        "timestamp": "2026-10-07T21:39:44.77566325",
        "meta": {
            "nf-test": "0.9.4",
            "nextflow": "26.04.6"
        }
    }
}